Dec-22 20:55:57.954 [main] DEBUG nextflow.cli.Launcher - $> nextflow run pipeline_orchestrator.nf
Dec-22 20:55:58.139 [main] DEBUG nextflow.cli.CmdRun - N E X T F L O W  ~  version 25.04.8
Dec-22 20:55:58.176 [main] DEBUG nextflow.plugin.PluginsFacade - Setting up plugin manager > mode=prod; embedded=false; plugins-dir=/home/frederiktolberg/.nextflow/plugins; core-plugins: nf-amazon@2.15.0-patch2,nf-azure@1.16.0-patch1,nf-cloudcache@0.4.3,nf-codecommit@0.2.3,nf-console@1.2.1,nf-google@1.21.1,nf-k8s@1.0.1,nf-tower@1.11.4-patch2,nf-wave@1.12.1
Dec-22 20:55:58.211 [main] INFO  o.pf4j.DefaultPluginStatusProvider - Enabled plugins: []
Dec-22 20:55:58.238 [main] INFO  o.pf4j.DefaultPluginStatusProvider - Disabled plugins: []
Dec-22 20:55:58.243 [main] INFO  org.pf4j.DefaultPluginManager - PF4J version 3.12.0 in 'deployment' mode
Dec-22 20:55:58.269 [main] INFO  org.pf4j.AbstractPluginManager - No plugins
Dec-22 20:55:58.302 [main] DEBUG nextflow.config.ConfigBuilder - Found config local: /mnt/c/Users/frezz/Downloads/snpster/data pipeline/nextflow/nextflow.config
Dec-22 20:55:58.305 [main] DEBUG nextflow.config.ConfigBuilder - Parsing config file: /mnt/c/Users/frezz/Downloads/snpster/data pipeline/nextflow/nextflow.config
Dec-22 20:55:58.358 [main] DEBUG n.secret.LocalSecretsProvider - Secrets store: /home/frederiktolberg/.nextflow/secrets/store.json
Dec-22 20:55:58.364 [main] DEBUG nextflow.secret.SecretsLoader - Discovered secrets providers: [nextflow.secret.LocalSecretsProvider@76911385] - activable => nextflow.secret.LocalSecretsProvider@76911385
Dec-22 20:55:58.373 [main] DEBUG nextflow.config.ConfigBuilder - Applying config profile: `standard`
Dec-22 20:55:59.040 [main] DEBUG nextflow.cli.CmdRun - Applied DSL=2 by global default
Dec-22 20:55:59.058 [main] DEBUG nextflow.cli.CmdRun - Launching `pipeline_orchestrator.nf` [berserk_stonebraker] DSL2 - revision: d882c5a02e
Dec-22 20:55:59.061 [main] DEBUG nextflow.plugin.PluginsFacade - Plugins default=[]
Dec-22 20:55:59.061 [main] DEBUG nextflow.plugin.PluginsFacade - Plugins resolved requirement=[]
Dec-22 20:55:59.111 [main] DEBUG nextflow.Session - Session UUID: e0472447-9035-4f38-a9bf-6e80a61f5a1c
Dec-22 20:55:59.112 [main] DEBUG nextflow.Session - Run name: berserk_stonebraker
Dec-22 20:55:59.113 [main] DEBUG nextflow.Session - Executor pool size: 24
Dec-22 20:55:59.126 [main] DEBUG nextflow.file.FilePorter - File porter settings maxRetries=3; maxTransfers=50; pollTimeout=null
Dec-22 20:55:59.134 [main] DEBUG nextflow.util.ThreadPoolBuilder - Creating thread pool 'FileTransfer' minSize=10; maxSize=72; workQueue=LinkedBlockingQueue[-1]; allowCoreThreadTimeout=false
Dec-22 20:55:59.167 [main] DEBUG nextflow.cli.CmdRun - 
  Version: 25.04.8 build 5956
  Created: 06-10-2025 21:19 UTC (23:19 CEST)
  System: Linux 6.6.87.2-microsoft-standard-WSL2
  Runtime: Groovy 4.0.26 on OpenJDK 64-Bit Server VM 21.0.8+9-Ubuntu-0ubuntu124.04.1
  Encoding: UTF-8 (UTF-8)
  Process: 4805@Frederik-PC [127.0.1.1]
  CPUs: 24 - Mem: 15.2 GB (11.5 GB) - Swap: 4 GB (4 GB)
Dec-22 20:55:59.236 [main] DEBUG nextflow.Session - Work-dir: /home/frederiktolberg/nf_work [ext2/ext3]
Dec-22 20:55:59.239 [main] DEBUG nextflow.Session - Script base path does not exist or is not a directory: /mnt/c/Users/frezz/Downloads/snpster/data pipeline/nextflow/bin
Dec-22 20:55:59.256 [main] DEBUG nextflow.executor.ExecutorFactory - Extension executors providers=[]
Dec-22 20:55:59.270 [main] DEBUG nextflow.Session - Observer factory: DefaultObserverFactory
Dec-22 20:55:59.278 [main] DEBUG nextflow.Session - Observer factory (v2): LinObserverFactory
Dec-22 20:55:59.323 [main] DEBUG nextflow.cache.CacheFactory - Using Nextflow cache factory: nextflow.cache.DefaultCacheFactory
Dec-22 20:55:59.331 [main] DEBUG nextflow.util.CustomThreadPool - Creating default thread pool > poolSize: 25; maxThreads: 1000
Dec-22 20:55:59.487 [main] DEBUG nextflow.Session - Session start
Dec-22 20:55:59.975 [main] DEBUG nextflow.script.ScriptRunner - > Launching execution
Dec-22 20:56:00.145 [main] DEBUG nextflow.script.ProcessConfig - Config settings `withName:HARMONIZE` matches process HARMONIZE
Dec-22 20:56:00.160 [main] DEBUG nextflow.executor.ExecutorFactory - << taskConfig executor: null
Dec-22 20:56:00.161 [main] DEBUG nextflow.executor.ExecutorFactory - >> processorType: 'local'
Dec-22 20:56:00.168 [main] DEBUG nextflow.executor.Executor - [warm up] executor > local
Dec-22 20:56:00.178 [main] DEBUG n.processor.LocalPollingMonitor - Creating local task monitor for executor 'local' > cpus=24; memory=15.2 GB; capacity=24; pollInterval=100ms; dumpInterval=5m
Dec-22 20:56:00.182 [main] DEBUG n.processor.TaskPollingMonitor - >>> barrier register (monitor: local)
Dec-22 20:56:00.221 [main] DEBUG nextflow.processor.TaskProcessor - Creating process 'HARMONIZE': maxForks=4; fair=false; array=0
Dec-22 20:56:00.286 [main] DEBUG nextflow.script.ProcessConfig - Config settings `withName:IMPUTE` matches process IMPUTE
Dec-22 20:56:00.290 [main] DEBUG nextflow.executor.ExecutorFactory - << taskConfig executor: null
Dec-22 20:56:00.291 [main] DEBUG nextflow.executor.ExecutorFactory - >> processorType: 'local'
Dec-22 20:56:00.294 [main] DEBUG nextflow.processor.TaskProcessor - Creating process 'IMPUTE': maxForks=2; fair=false; array=0
Dec-22 20:56:00.301 [main] DEBUG nextflow.Session - Workflow process names [dsl2]: HARMONIZE, IMPUTE
Dec-22 20:56:00.306 [main] DEBUG nextflow.Session - Igniting dataflow network (3)
Dec-22 20:56:00.314 [main] DEBUG nextflow.processor.TaskProcessor - Starting process > HARMONIZE
Dec-22 20:56:00.316 [main] DEBUG nextflow.processor.TaskProcessor - Starting process > IMPUTE
Dec-22 20:56:00.317 [PathVisitor-1] DEBUG nextflow.file.PathVisitor - files for syntax: glob; folder: /mnt/c/Users/frezz/Desktop/microarray_data/testing/; pattern: *; options: [:]
Dec-22 20:56:00.318 [main] DEBUG nextflow.script.ScriptRunner - Parsed script files:
  Script_1a71f48af130d5bb: /mnt/c/Users/frezz/Downloads/snpster/data pipeline/nextflow/pipeline_orchestrator.nf
Dec-22 20:56:00.321 [main] DEBUG nextflow.script.ScriptRunner - > Awaiting termination 
Dec-22 20:56:00.322 [main] DEBUG nextflow.Session - Session await
Dec-22 20:56:00.691 [Task submitter] DEBUG n.executor.local.LocalTaskHandler - Launch cmd line: /bin/bash -ue .command.run
Dec-22 20:56:00.699 [Task submitter] INFO  nextflow.Session - [07/88ed5c] Submitted process > HARMONIZE (1)
Dec-22 20:56:03.164 [Task monitor] DEBUG n.processor.TaskPollingMonitor - Task completed > TaskHandler[id: 1; name: HARMONIZE (1); status: COMPLETED; exit: 2; error: -; workDir: /home/frederiktolberg/nf_work/07/88ed5c72910a715df7a5ef286eb025]
Dec-22 20:56:03.168 [Task monitor] DEBUG nextflow.util.ThreadPoolBuilder - Creating thread pool 'TaskFinalizer' minSize=10; maxSize=72; workQueue=LinkedBlockingQueue[-1]; allowCoreThreadTimeout=false
Dec-22 20:56:03.189 [TaskFinalizer-1] DEBUG nextflow.processor.TaskProcessor - Handling unexpected condition for
  task: name=HARMONIZE (1); work-dir=/home/frederiktolberg/nf_work/07/88ed5c72910a715df7a5ef286eb025
  error [nextflow.exception.ProcessFailedException]: Process `HARMONIZE (1)` terminated with an error exit status (2)
Dec-22 20:56:03.199 [TaskFinalizer-1] INFO  nextflow.processor.TaskProcessor - [07/88ed5c] NOTE: Process `HARMONIZE (1)` terminated with an error exit status (2) -- Error is ignored
Dec-22 20:56:03.207 [main] DEBUG nextflow.Session - Session await > all processes finished
Dec-22 20:56:03.275 [Task monitor] DEBUG n.processor.TaskPollingMonitor - <<< barrier arrives (monitor: local) - terminating tasks monitor poll loop
Dec-22 20:56:03.276 [main] DEBUG nextflow.Session - Session await > all barriers passed
Dec-22 20:56:03.279 [main] DEBUG nextflow.util.ThreadPoolManager - Thread pool 'TaskFinalizer' shutdown completed (hard=false)
Dec-22 20:56:03.285 [main] DEBUG n.trace.WorkflowStatsObserver - Workflow completed > WorkflowStats[succeededCount=0; failedCount=1; ignoredCount=1; cachedCount=0; pendingCount=0; submittedCount=0; runningCount=0; retriesCount=0; abortedCount=0; succeedDuration=0ms; failedDuration=9.5s; cachedDuration=0ms;loadCpus=0; loadMemory=0; peakRunning=1; peakCpus=4; peakMemory=10 GB; ]
Dec-22 20:56:03.360 [main] DEBUG nextflow.cache.CacheDB - Closing CacheDB done
Dec-22 20:56:03.396 [main] DEBUG nextflow.util.ThreadPoolManager - Thread pool 'FileTransfer' shutdown completed (hard=false)
Dec-22 20:56:03.398 [main] DEBUG nextflow.script.ScriptRunner - > Execution complete -- Goodbye
